// Jest Snapshot v1, https://goo.gl/fbAQLP

exports[`new PolicyStatementDirector() creates S3 read/write policy 1`] = `
{
  "Action": [
    "s3:ListBucket",
    "s3:ListBucketVersions",
    "s3:GetObject",
    "s3:GetObjectVersion",
    "s3:PutObject",
  ],
  "Effect": "Allow",
  "Resource": "*",
}
`;

exports[`new PolicyStatementDirector() creates empty policy 1`] = `
{
  "Effect": "Allow",
}
`;
