// Jest Snapshot v1, https://goo.gl/fbAQLP

exports[`new LaunchTemplateDirector() #constructEc2Group uses defaults if only name is passed 1`] = `
{
  "Ec2LaunchTemplate37DE02F5": {
    "Properties": {
      "LaunchTemplateData": {
        "ImageId": {
          "Ref": "SsmParameterValueawsserviceamiamazonlinuxlatestal2023amikernel61x8664C96584B6F00A464EAD1953AFF4B05118Parameter",
        },
        "NetworkInterfaces": [
          {
            "AssociatePublicIpAddress": true,
            "DeviceIndex": 0,
          },
        ],
        "TagSpecifications": [
          {
            "ResourceType": "instance",
            "Tags": [
              {
                "Key": "Name",
                "Value": "Default/Ec2LaunchTemplate",
              },
            ],
          },
          {
            "ResourceType": "volume",
            "Tags": [
              {
                "Key": "Name",
                "Value": "Default/Ec2LaunchTemplate",
              },
            ],
          },
        ],
        "UserData": {
          "Fn::Base64": "#!/bin/bash
echo Hello World",
        },
      },
      "TagSpecifications": [
        {
          "ResourceType": "launch-template",
          "Tags": [
            {
              "Key": "Name",
              "Value": "Default/Ec2LaunchTemplate",
            },
          ],
        },
      ],
    },
    "Type": "AWS::EC2::LaunchTemplate",
  },
}
`;
