// Jest Snapshot v1, https://goo.gl/fbAQLP

exports[`new GithubActionRoleBuilder() construct role for GithubActions to use 1`] = `
{
  "Parameters": {
    "BootstrapVersion": {
      "Default": "/cdk-bootstrap/hnb659fds/version",
      "Description": "Version of the CDK Bootstrap resources in this environment, automatically retrieved from SSM Parameter Store. [cdk:skip]",
      "Type": "AWS::SSM::Parameter::Value<String>",
    },
  },
  "Resources": {
    "GithubActionsRoleF5CC769F": {
      "Properties": {
        "AssumeRolePolicyDocument": {
          "Statement": [
            {
              "Action": "sts:AssumeRoleWithWebIdentity",
              "Condition": {
                "StringEquals": {
                  "token.actions.githubusercontent.com:aud": "sts.amazonaws.com",
                },
                "StringLike": {
                  "token.actions.githubusercontent.com:sub": "repo:GithubActionsRole/*",
                },
              },
              "Effect": "Allow",
              "Principal": {
                "Federated": {
                  "Fn::Join": [
                    "",
                    [
                      "arn:aws:iam::",
                      {
                        "Ref": "AWS::AccountId",
                      },
                      ":oidc-provider/token.actions.githubusercontent.com",
                    ],
                  ],
                },
              },
            },
          ],
          "Version": "2012-10-17",
        },
        "Description": "Role for GitHub Actions to access AWS resources",
        "ManagedPolicyArns": [
          {
            "Fn::Join": [
              "",
              [
                "arn:",
                {
                  "Ref": "AWS::Partition",
                },
                ":iam::aws:policy/AWSElasticBeanstalkWebTier",
              ],
            ],
          },
          {
            "Fn::Join": [
              "",
              [
                "arn:",
                {
                  "Ref": "AWS::Partition",
                },
                ":iam::aws:policy/SecretsManagerReadWrite",
              ],
            ],
          },
          {
            "Fn::Join": [
              "",
              [
                "arn:",
                {
                  "Ref": "AWS::Partition",
                },
                ":iam::aws:policy/AWSElasticBeanstalkManagedUpdatesCustomerRolePolicy",
              ],
            ],
          },
        ],
      },
      "Type": "AWS::IAM::Role",
    },
    "accessCodeDeployBucket0952D2BF": {
      "Properties": {
        "PolicyDocument": {
          "Statement": [
            {
              "Action": [
                "s3:ListBucket",
                "s3:ListBucketVersions",
                "s3:GetObject",
                "s3:GetObjectVersion",
                "s3:PutObject",
              ],
              "Effect": "Allow",
              "Resource": [
                "arn:aws:s3:::codedeploy-*",
                "arn:aws:s3:::codedeploy-*/*",
              ],
            },
          ],
          "Version": "2012-10-17",
        },
        "PolicyName": "accessCodeDeployBucket0952D2BF",
        "Roles": [
          {
            "Ref": "GithubActionsRoleF5CC769F",
          },
        ],
      },
      "Type": "AWS::IAM::Policy",
    },
    "codeDeploy97BF7F9E": {
      "Properties": {
        "PolicyDocument": {
          "Statement": [
            {
              "Action": "codedeploy:*",
              "Effect": "Allow",
              "Resource": "*",
            },
          ],
          "Version": "2012-10-17",
        },
        "PolicyName": "codeDeploy97BF7F9E",
        "Roles": [
          {
            "Ref": "GithubActionsRoleF5CC769F",
          },
        ],
      },
      "Type": "AWS::IAM::Policy",
    },
  },
  "Rules": {
    "CheckBootstrapVersion": {
      "Assertions": [
        {
          "Assert": {
            "Fn::Not": [
              {
                "Fn::Contains": [
                  [
                    "1",
                    "2",
                    "3",
                    "4",
                    "5",
                  ],
                  {
                    "Ref": "BootstrapVersion",
                  },
                ],
              },
            ],
          },
          "AssertDescription": "CDK bootstrap stack version 6 required. Please run 'cdk bootstrap' with a recent version of the CDK CLI.",
        },
      ],
    },
  },
}
`;
