// Jest Snapshot v1, https://goo.gl/fbAQLP

exports[`new Al2023PublicBuilder() #setName()  customizes name of LaunchTemplate 1`] = `
LaunchTemplateProduct {
  "launchTemplateName": "LaunchTempalte",
}
`;

exports[`new Al2023PublicBuilder() matches default 1`] = `
LaunchTemplateProduct {
  "associatePublicIpAddress": true,
  "machineImage": GenericLinuxImage {
    "amiMap": {
      "us-east-1": "ami-05ffe3c48a9991133",
    },
    "props": {},
  },
  "userData": LinuxUserData {
    "lines": [
      "echo Hello World",
    ],
    "onExitLines": [],
    "props": {},
  },
}
`;
