// Jest Snapshot v1, https://goo.gl/fbAQLP

exports[`ElasticBeanstalk .createApplication() matches snapshot 1`] = `
{
  "Parameters": {
    "BootstrapVersion": {
      "Default": "/cdk-bootstrap/hnb659fds/version",
      "Description": "Version of the CDK Bootstrap resources in this environment, automatically retrieved from SSM Parameter Store. [cdk:skip]",
      "Type": "AWS::SSM::Parameter::Value<String>",
    },
  },
  "Resources": {
    "RoleID477B5CA1": {
      "Properties": {
        "AssumeRolePolicyDocument": {
          "Statement": [
            {
              "Action": "sts:AssumeRole",
              "Effect": "Allow",
              "Principal": {
                "AWS": "*",
              },
            },
          ],
          "Version": "2012-10-17",
        },
      },
      "Type": "AWS::IAM::Role",
    },
    "prefixapp": {
      "Properties": {
        "ApplicationName": "pre-fix-app",
        "ResourceLifecycleConfig": {
          "ServiceRole": {
            "Fn::GetAtt": [
              "RoleID477B5CA1",
              "Arn",
            ],
          },
          "VersionLifecycleConfig": {
            "MaxCountRule": {
              "DeleteSourceFromS3": true,
              "Enabled": true,
              "MaxCount": 30,
            },
          },
        },
      },
      "Type": "AWS::ElasticBeanstalk::Application",
    },
  },
  "Rules": {
    "CheckBootstrapVersion": {
      "Assertions": [
        {
          "Assert": {
            "Fn::Not": [
              {
                "Fn::Contains": [
                  [
                    "1",
                    "2",
                    "3",
                    "4",
                    "5",
                  ],
                  {
                    "Ref": "BootstrapVersion",
                  },
                ],
              },
            ],
          },
          "AssertDescription": "CDK bootstrap stack version 6 required. Please run 'cdk bootstrap' with a recent version of the CDK CLI.",
        },
      ],
    },
  },
}
`;
